
https://github.com/happyu0223/KnockOutDemoMvc.git

git@github.com:happyu0223/KnockOutDemoMvc.git


HappyChen@HAPPYCHEN-PC /E/MyGitTest/KnockOutDemoMvc (master)
$ git log Cpretty=oneline
fatal: ambiguous argument 'Cpretty=oneline': unknown revision or path not in th
e working tree.
Use '--' to separate paths from revisions, like this:
'git <command> [<revision>...] -- [<file>...]'

Warning: Your console font probably doesn't support Unicode. If you experience s
trange characters in the output, consider switching to a TrueType font such as L
ucida Console!

HappyChen@HAPPYCHEN-PC /E/MyGitTest/KnockOutDemoMvc (master)
$ git log --pretty=oneline
5517143f55e0f703365b0af3a20aa56d6ae84b8b readme.txt
cb6ffd24f7eea6c52a8a4a4acee0af4e9d2ce117 readme.txt
ccd458ab6683f68d8c397a666a4bee5c80101a57 check mapping
91561557ecc02e5e96f17d7f5115b02d56f87632 script knock
173f51e2986adf70b7a6c11dff448f30566f890d dd

HappyChen@HAPPYCHEN-PC /E/MyGitTest/KnockOutDemoMvc (master)
$ git rese --ard HEADD
git: 'rese' is not a git command. See 'git --help'.

Did you mean one of these?
        reset
        rebase

HappyChen@HAPPYCHEN-PC /E/MyGitTest/KnockOutDemoMvc (master)
$ git reset --ard HEAD
error: unknown option `ard'
usage: git reset [--mixed | --soft | --hard | --merge | --keep] [-q] [<commit>]
   or: git reset [-q] <tree-ish> [--] <paths>...
   or: git reset --patch [<tree-ish>] [--] [<paths>...]

    -q, --quiet           be quiet, only report errors
    --mixed               reset HEAD and index
    --soft                reset only HEAD
    --hard                reset HEAD, index and working tree
    --merge               reset HEAD, index and working tree
    --keep                reset HEAD but keep local changes
    -p, --patch           select hunks interactively


HappyChen@HAPPYCHEN-PC /E/MyGitTest/KnockOutDemoMvc (master)
$ git reset --hard HEAD
HEAD is now at 5517143 readme.txt

HappyChen@HAPPYCHEN-PC /E/MyGitTest/KnockOutDemoMvc (master)
$ git reset --hard HEAD^
HEAD is now at cb6ffd2 readme.txt

HappyChen@HAPPYCHEN-PC /E/MyGitTest/KnockOutDemoMvc (master)
$ git reset --hard HEAD
HEAD is now at cb6ffd2 readme.txt

HappyChen@HAPPYCHEN-PC /E/MyGitTest/KnockOutDemoMvc (master)
$ cat readme.txt
11111111111111
HappyChen@HAPPYCHEN-PC /E/MyGitTest/KnockOutDemoMvc (master)
$ git log
commit cb6ffd24f7eea6c52a8a4a4acee0af4e9d2ce117
Author: happyu0223 <753556090@qq.com>
Date:   Fri Jan 8 23:33:36 2016 +0800

    readme.txt

commit ccd458ab6683f68d8c397a666a4bee5c80101a57
Author: happyu0223 <753556090@qq.com>
Date:   Thu Jan 7 18:50:33 2016 +0800

    check mapping

commit 91561557ecc02e5e96f17d7f5115b02d56f87632
Author: happyu0223 <753556090@qq.com>
Date:   Wed Jan 6 13:15:40 2016 +0800

    script knock

commit 173f51e2986adf70b7a6c11dff448f30566f890d
Author: 753556090@qq.com <753556090@qq.com>
Date:   Wed Jan 6 12:32:34 2016 +0800

    dd

HappyChen@HAPPYCHEN-PC /E/MyGitTest/KnockOutDemoMvc (master)
$ git reflog
cb6ffd2 HEAD@{0}: reset: moving to HEAD^
5517143 HEAD@{1}: commit: readme.txt
cb6ffd2 HEAD@{2}: commit: readme.txt
ccd458a

HappyChen@HAPPYCHEN-PC /E/MyGitTest/KnockOutDemoMvc (master)
$git checkout  --file 恢复文件
可以发现，Git会告诉你，git checkout  ― file 可以丢弃工作
$git pull 获取最新

rm b.txt ，如果我想彻底从版本库中删掉了此文件的话，可以再执行commit命令 提交掉
在本地的testgit仓库下运行命令：

git remote add origin https://github.com/tugenhua0707/testgit.git

git push -u origin master
从现在起，只要本地作了提交，就可以通过如下命令：

git push origin master

把本地master分支的最新修改推送到github上了，现在你就拥有了真正的分布式版本库了。
git checkout 命令加上 Cb参数表示创建并切换，相当于如下2条命令

git branch dev

git checkout dev
现在我们可以把dev分支上的内容合并到分支master上了，可以在master分支上，使用如下命令 git merge dev  (on master)如下所示：
查看分支：git branch

   创建分支：git branch name

   切换分支：git checkout name

创建+切换分支：git checkout Cb name

合并某分支到当前分支：git merge name

删除分支：git branch Cd name
合并dev分支，使用命令 git merge Cno-ff  -m “注释” dev  禁用快速合并功能

工作现场还在，Git把stash内容存在某个地方了，但是需要恢复一下，可以使用如下2个方法：

git stash apply恢复，恢复后，stash内容并不删除，你需要使用命令git stash drop来删除。
另一种方式是使用git stash pop,恢复的同时把stash内容也删除了。
发，就必须把远程的origin的dev分支到本地来，于是可以使用命令创建本地dev分支：git checkout  Cb dev origin/dev

解决冲突
git pull也失败了，原因是没有指定本地dev分支与远程origin/dev分支的链接，根据提示，设置dev和origin/dev的链接：如下：
git branch --set-upstream dev orgin/dev
git pull
现在手动已经解决完了，我接在需要再提交，再push到远程库里面去。

Git基本常用命令如下：

   mkdir：         XX (创建一个空目录 XX指目录名)

   pwd：          显示当前目录的路径。

   git init          把当前的目录变成可以管理的git仓库，生成隐藏.git文件。

   git add XX       把xx文件添加到暂存区去。

   git commit Cm “XX”  提交文件 Cm 后面的是注释。

   git status        查看仓库状态

   git diff  XX      查看XX文件修改了那些内容

   git log          查看历史记录

   git reset  Chard HEAD^ 或者 git reset  Chard HEAD~ 回退到上一个版本

                        (如果想回退到100个版本，使用git reset Chard HEAD~100 )

   cat XX         查看XX文件内容

   git reflog       查看历史记录的版本号id

   git checkout ― XX  把XX文件在工作区的修改全部撤销。

   git rm XX          删除XX文件

   git remote add origin https://github.com/tugenhua0707/testgit 关联一个远程库

   git push Cu(第一次要用-u 以后不需要) origin master 把当前master分支推送到远程库

   git clone https://github.com/tugenhua0707/testgit  从远程库中克隆

   git checkout Cb dev  创建dev分支 并切换到dev分支上

   git branch  查看当前所有的分支

   git checkout master 切换回master分支

   git merge dev    在当前的分支上合并dev分支

   git branch Cd dev 删除dev分支

   git branch name  创建分支

   git stash 把当前的工作隐藏起来 等以后恢复现场后继续工作

   git stash list 查看所有被隐藏的文件列表

   git stash apply 恢复被隐藏的文件，但是内容不删除

   git stash drop 删除文件

   git stash pop 恢复文件的同时 也删除文件

   git remote 查看远程库的信息

   git remote Cv 查看远程库的详细信息

   git push origin master  Git会把master分支推送到远程库对应的远程分支上